#! /opt/homebrew/Cellar/icarus-verilog/13.0/bin/vvp
:ivl_version "13.0 (stable)" "(v13_0)";
:ivl_delay_selection "TYPICAL";
:vpi_time_precision - 12;
:vpi_module "/opt/homebrew/Cellar/icarus-verilog/13.0/lib/ivl/system.vpi";
:vpi_module "/opt/homebrew/Cellar/icarus-verilog/13.0/lib/ivl/vhdl_sys.vpi";
:vpi_module "/opt/homebrew/Cellar/icarus-verilog/13.0/lib/ivl/vhdl_textio.vpi";
:vpi_module "/opt/homebrew/Cellar/icarus-verilog/13.0/lib/ivl/v2005_math.vpi";
:vpi_module "/opt/homebrew/Cellar/icarus-verilog/13.0/lib/ivl/va_math.vpi";
S_0x102ba49e0 .scope module, "tb_mac" "tb_mac" 2 9;
 .timescale -9 -12;
v0x914824fa0_0 .var/s "a", 7 0;
v0x914825040_0 .net/s "acc", 27 0, v0x9148246e0_0;  1 drivers
v0x9148250e0_0 .var/s "b", 7 0;
v0x914825180_0 .var/i "checks", 31 0;
v0x914825220_0 .var "clear", 0 0;
v0x9148252c0_0 .var "clk", 0 0;
v0x914825360_0 .var/i "cyc", 31 0;
v0x914825400_0 .var/i "first_vin_cyc", 31 0;
v0x9148254a0_0 .var/i "first_vout_cyc", 31 0;
v0x914825540_0 .var/i "i", 31 0;
v0x9148255e0_0 .var/i "last_vout_cyc", 31 0;
v0x914825680_0 .var/s "m_acc", 27 0;
v0x914825720_0 .var/s "m_prod", 15 0;
v0x9148257c0_0 .var "m_vout", 0 0;
v0x914825860_0 .var "m_vpipe", 0 0;
v0x914825900_0 .var "profiling", 0 0;
v0x9148259a0_0 .var "rst_n", 0 0;
v0x914825a40_0 .var "testname", 127 0;
v0x914825ae0_0 .var "valid_in", 0 0;
v0x914825b80_0 .net "valid_out", 0 0, v0x914824b40_0;  1 drivers
v0x914825c20_0 .var/i "vout_count", 31 0;
S_0x102baedb0 .scope task, "check" "check" 2 59, 2 59 0, S_0x102ba49e0;
 .timescale -9 -12;
TD_tb_mac.check ;
    %load/vec4 v0x914825180_0;
    %addi 1, 0, 32;
    %store/vec4 v0x914825180_0, 0, 32;
    %load/vec4 v0x914825040_0;
    %load/vec4 v0x914825680_0;
    %cmp/ne;
    %jmp/1 T_0.2, 6;
    %flag_mov 8, 6;
    %load/vec4 v0x914825b80_0;
    %load/vec4 v0x9148257c0_0;
    %cmp/ne;
    %flag_or 6, 8;
T_0.2;
    %jmp/0xz  T_0.0, 6;
    %vpi_call 2 63 "$display", "TB_FAIL test=%0s expected_acc=%0d got_acc=%0d expected_vout=%b got_vout=%b", v0x914825a40_0, v0x914825680_0, v0x914825040_0, v0x9148257c0_0, v0x914825b80_0 {0 0 0};
    %vpi_call 2 65 "$display", "TB_RESULT: FAIL" {0 0 0};
    %vpi_call 2 66 "$finish" {0 0 0};
T_0.0 ;
    %end;
S_0x102baef30 .scope module, "dut" "mac" 2 26, 3 1 0, S_0x102ba49e0;
 .timescale -9 -12;
    .port_info 0 /INPUT 1 "clk";
    .port_info 1 /INPUT 1 "rst_n";
    .port_info 2 /INPUT 1 "clear";
    .port_info 3 /INPUT 8 "a";
    .port_info 4 /INPUT 8 "b";
    .port_info 5 /INPUT 1 "valid_in";
    .port_info 6 /OUTPUT 28 "acc";
    .port_info 7 /OUTPUT 1 "valid_out";
v0x914824640_0 .net/s "a", 7 0, v0x914824fa0_0;  1 drivers
v0x9148246e0_0 .var/s "acc", 27 0;
v0x914824780_0 .net/s "b", 7 0, v0x9148250e0_0;  1 drivers
v0x914824820_0 .net "clear", 0 0, v0x914825220_0;  1 drivers
v0x9148248c0_0 .net "clk", 0 0, v0x9148252c0_0;  1 drivers
v0x914824960_0 .var/s "prod", 15 0;
v0x914824a00_0 .net "rst_n", 0 0, v0x9148259a0_0;  1 drivers
v0x914824aa0_0 .net "valid_in", 0 0, v0x914825ae0_0;  1 drivers
v0x914824b40_0 .var "valid_out", 0 0;
v0x914824be0_0 .var "vpipe", 0 0;
E_0x9148501c0 .event posedge, v0x9148248c0_0;
S_0x102bb2090 .scope task, "idle" "idle" 2 81, 2 81 0, S_0x102ba49e0;
 .timescale -9 -12;
v0x914824c80_0 .var/i "n", 31 0;
TD_tb_mac.idle ;
    %pushi/vec4 0, 0, 32;
    %store/vec4 v0x914825540_0, 0, 32;
T_1.3 ; Top of for-loop
    %load/vec4 v0x914825540_0;
    %load/vec4 v0x914824c80_0;
    %cmp/s;
	  %jmp/0xz T_1.4, 5;
    %pushi/vec4 0, 0, 1;
    %store/vec4 v0x914824f00_0, 0, 1;
    %pushi/vec4 0, 0, 8;
    %store/vec4 v0x914824d20_0, 0, 8;
    %pushi/vec4 0, 0, 8;
    %store/vec4 v0x914824dc0_0, 0, 8;
    %pushi/vec4 0, 0, 1;
    %store/vec4 v0x914824e60_0, 0, 1;
    %fork TD_tb_mac.step, S_0x102bb2530;
    %join;
T_1.5 ; for-loop step statement
    %load/vec4 v0x914825540_0;
    %addi 1, 0, 32;
    %store/vec4 v0x914825540_0, 0, 32;
    %jmp T_1.3;
T_1.4 ; for-loop exit label
    %end;
S_0x102bb2530 .scope task, "step" "step" 2 72, 2 72 0, S_0x102ba49e0;
 .timescale -9 -12;
v0x914824d20_0 .var/s "ai", 7 0;
v0x914824dc0_0 .var/s "bi", 7 0;
v0x914824e60_0 .var "c", 0 0;
v0x914824f00_0 .var "v", 0 0;
E_0x914850240 .event negedge, v0x9148248c0_0;
TD_tb_mac.step ;
    %wait E_0x914850240;
    %fork TD_tb_mac.check, S_0x102baedb0;
    %join;
    %load/vec4 v0x914824f00_0;
    %store/vec4 v0x914825ae0_0, 0, 1;
    %load/vec4 v0x914824d20_0;
    %store/vec4 v0x914824fa0_0, 0, 8;
    %load/vec4 v0x914824dc0_0;
    %store/vec4 v0x9148250e0_0, 0, 8;
    %load/vec4 v0x914824e60_0;
    %store/vec4 v0x914825220_0, 0, 1;
    %end;
    .scope S_0x102baef30;
T_3 ;
    %wait E_0x9148501c0;
    %load/vec4 v0x914824a00_0;
    %nor/r;
    %flag_set/vec4 8;
    %jmp/0xz  T_3.0, 8;
    %pushi/vec4 0, 0, 16;
    %assign/vec4 v0x914824960_0, 0;
    %pushi/vec4 0, 0, 1;
    %assign/vec4 v0x914824be0_0, 0;
    %pushi/vec4 0, 0, 28;
    %assign/vec4 v0x9148246e0_0, 0;
    %pushi/vec4 0, 0, 1;
    %assign/vec4 v0x914824b40_0, 0;
    %jmp T_3.1;
T_3.0 ;
    %load/vec4 v0x914824640_0;
    %pad/s 16;
    %load/vec4 v0x914824780_0;
    %pad/s 16;
    %mul;
    %assign/vec4 v0x914824960_0, 0;
    %load/vec4 v0x914824aa0_0;
    %assign/vec4 v0x914824be0_0, 0;
    %load/vec4 v0x914824be0_0;
    %flag_set/vec4 8;
    %jmp/0xz  T_3.2, 8;
    %load/vec4 v0x9148246e0_0;
    %load/vec4 v0x914824960_0;
    %pad/s 28;
    %add;
    %assign/vec4 v0x9148246e0_0, 0;
T_3.2 ;
    %load/vec4 v0x914824be0_0;
    %assign/vec4 v0x914824b40_0, 0;
T_3.1 ;
    %jmp T_3;
    .thread T_3;
    .scope S_0x102ba49e0;
T_4 ;
    %pushi/vec4 0, 0, 1;
    %store/vec4 v0x9148252c0_0, 0, 1;
    %pushi/vec4 0, 0, 1;
    %store/vec4 v0x9148259a0_0, 0, 1;
    %pushi/vec4 0, 0, 1;
    %store/vec4 v0x914825220_0, 0, 1;
    %pushi/vec4 0, 0, 1;
    %store/vec4 v0x914825ae0_0, 0, 1;
    %pushi/vec4 0, 0, 8;
    %store/vec4 v0x914824fa0_0, 0, 8;
    %pushi/vec4 0, 0, 8;
    %store/vec4 v0x9148250e0_0, 0, 8;
    %pushi/vec4 0, 0, 32;
    %store/vec4 v0x914825180_0, 0, 32;
    %pushi/vec4 0, 0, 32;
    %store/vec4 v0x914825360_0, 0, 32;
    %pushi/vec4 0, 0, 32;
    %store/vec4 v0x914825400_0, 0, 32;
    %pushi/vec4 0, 0, 32;
    %store/vec4 v0x9148254a0_0, 0, 32;
    %pushi/vec4 0, 0, 32;
    %store/vec4 v0x9148255e0_0, 0, 32;
    %pushi/vec4 0, 0, 32;
    %store/vec4 v0x914825c20_0, 0, 32;
    %pushi/vec4 0, 0, 1;
    %store/vec4 v0x914825900_0, 0, 1;
    %end;
    .thread T_4;
    .scope S_0x102ba49e0;
T_5 ;
    %delay 5000, 0;
    %load/vec4 v0x9148252c0_0;
    %inv;
    %store/vec4 v0x9148252c0_0, 0, 1;
    %jmp T_5;
    .thread T_5;
    .scope S_0x102ba49e0;
T_6 ;
    %wait E_0x9148501c0;
    %load/vec4 v0x914825360_0;
    %addi 1, 0, 32;
    %store/vec4 v0x914825360_0, 0, 32;
    %load/vec4 v0x914825900_0;
    %flag_set/vec4 9;
    %flag_get/vec4 9;
    %jmp/0 T_6.2, 9;
    %load/vec4 v0x914825b80_0;
    %and;
T_6.2;
    %flag_set/vec4 8;
    %jmp/0xz  T_6.0, 8;
    %load/vec4 v0x914825c20_0;
    %cmpi/e 0, 0, 32;
    %jmp/0xz  T_6.3, 4;
    %load/vec4 v0x914825360_0;
    %store/vec4 v0x9148254a0_0, 0, 32;
T_6.3 ;
    %load/vec4 v0x914825360_0;
    %store/vec4 v0x9148255e0_0, 0, 32;
    %load/vec4 v0x914825c20_0;
    %addi 1, 0, 32;
    %store/vec4 v0x914825c20_0, 0, 32;
T_6.0 ;
    %jmp T_6;
    .thread T_6;
    .scope S_0x102ba49e0;
T_7 ;
    %wait E_0x9148501c0;
    %load/vec4 v0x9148259a0_0;
    %nor/r;
    %flag_set/vec4 8;
    %jmp/0xz  T_7.0, 8;
    %pushi/vec4 0, 0, 16;
    %assign/vec4 v0x914825720_0, 0;
    %pushi/vec4 0, 0, 1;
    %assign/vec4 v0x914825860_0, 0;
    %pushi/vec4 0, 0, 28;
    %assign/vec4 v0x914825680_0, 0;
    %pushi/vec4 0, 0, 1;
    %assign/vec4 v0x9148257c0_0, 0;
    %jmp T_7.1;
T_7.0 ;
    %load/vec4 v0x914824fa0_0;
    %pad/s 16;
    %load/vec4 v0x9148250e0_0;
    %pad/s 16;
    %mul;
    %assign/vec4 v0x914825720_0, 0;
    %load/vec4 v0x914825ae0_0;
    %assign/vec4 v0x914825860_0, 0;
    %load/vec4 v0x914825220_0;
    %flag_set/vec4 8;
    %jmp/0xz  T_7.2, 8;
    %pushi/vec4 0, 0, 28;
    %assign/vec4 v0x914825680_0, 0;
    %pushi/vec4 0, 0, 1;
    %assign/vec4 v0x9148257c0_0, 0;
    %jmp T_7.3;
T_7.2 ;
    %load/vec4 v0x914825860_0;
    %flag_set/vec4 8;
    %jmp/0xz  T_7.4, 8;
    %load/vec4 v0x914825680_0;
    %load/vec4 v0x914825720_0;
    %pad/s 28;
    %add;
    %assign/vec4 v0x914825680_0, 0;
T_7.4 ;
    %load/vec4 v0x914825860_0;
    %assign/vec4 v0x9148257c0_0, 0;
T_7.3 ;
T_7.1 ;
    %jmp T_7;
    .thread T_7;
    .scope S_0x102ba49e0;
T_8 ;
    %pushi/vec4 0, 0, 32; draw_string_vec4
    %pushi/vec4 0, 0, 32; draw_string_vec4
    %concat/vec4; draw_string_vec4
    %pushi/vec4 114, 0, 32; draw_string_vec4
    %concat/vec4; draw_string_vec4
    %pushi/vec4 1702061428, 0, 32; draw_string_vec4
    %concat/vec4; draw_string_vec4
    %store/vec4 v0x914825a40_0, 0, 128;
    %pushi/vec4 3, 0, 32;
T_8.0 %dup/vec4;
    %cmpi/s 0, 0, 32;
    %jmp/1xz T_8.1, 5;
    %jmp/1 T_8.1, 4;
    %subi 1, 0, 32;
    %wait E_0x914850240;
    %jmp T_8.0;
T_8.1 ;
    %pop/vec4 1;
    %pushi/vec4 1, 0, 1;
    %store/vec4 v0x9148259a0_0, 0, 1;
    %pushi/vec4 2, 0, 32;
    %store/vec4 v0x914824c80_0, 0, 32;
    %fork TD_tb_mac.idle, S_0x102bb2090;
    %join;
    %pushi/vec4 0, 0, 32; draw_string_vec4
    %pushi/vec4 1936548204, 0, 32; draw_string_vec4
    %concat/vec4; draw_string_vec4
    %pushi/vec4 1818195553, 0, 32; draw_string_vec4
    %concat/vec4; draw_string_vec4
    %pushi/vec4 1819633011, 0, 32; draw_string_vec4
    %concat/vec4; draw_string_vec4
    %store/vec4 v0x914825a40_0, 0, 128;
    %pushi/vec4 1, 0, 1;
    %store/vec4 v0x914824f00_0, 0, 1;
    %pushi/vec4 3, 0, 8;
    %store/vec4 v0x914824d20_0, 0, 8;
    %pushi/vec4 5, 0, 8;
    %store/vec4 v0x914824dc0_0, 0, 8;
    %pushi/vec4 0, 0, 1;
    %store/vec4 v0x914824e60_0, 0, 1;
    %fork TD_tb_mac.step, S_0x102bb2530;
    %join;
    %pushi/vec4 1, 0, 1;
    %store/vec4 v0x914824f00_0, 0, 1;
    %pushi/vec4 7, 0, 8;
    %store/vec4 v0x914824d20_0, 0, 8;
    %pushi/vec4 9, 0, 8;
    %store/vec4 v0x914824dc0_0, 0, 8;
    %pushi/vec4 0, 0, 1;
    %store/vec4 v0x914824e60_0, 0, 1;
    %fork TD_tb_mac.step, S_0x102bb2530;
    %join;
    %pushi/vec4 1, 0, 1;
    %store/vec4 v0x914824f00_0, 0, 1;
    %pushi/vec4 15, 0, 8;
    %store/vec4 v0x914824d20_0, 0, 8;
    %pushi/vec4 15, 0, 8;
    %store/vec4 v0x914824dc0_0, 0, 8;
    %pushi/vec4 0, 0, 1;
    %store/vec4 v0x914824e60_0, 0, 1;
    %fork TD_tb_mac.step, S_0x102bb2530;
    %join;
    %pushi/vec4 4, 0, 32;
    %store/vec4 v0x914824c80_0, 0, 32;
    %fork TD_tb_mac.idle, S_0x102bb2090;
    %join;
    %pushi/vec4 7563623, 0, 32; draw_string_vec4
    %pushi/vec4 1852138591, 0, 32; draw_string_vec4
    %concat/vec4; draw_string_vec4
    %pushi/vec4 1869636978, 0, 32; draw_string_vec4
    %concat/vec4; draw_string_vec4
    %pushi/vec4 1634624627, 0, 32; draw_string_vec4
    %concat/vec4; draw_string_vec4
    %store/vec4 v0x914825a40_0, 0, 128;
    %pushi/vec4 1, 0, 1;
    %store/vec4 v0x914824f00_0, 0, 1;
    %pushi/vec4 255, 0, 8;
    %store/vec4 v0x914824d20_0, 0, 8;
    %pushi/vec4 1, 0, 8;
    %store/vec4 v0x914824dc0_0, 0, 8;
    %pushi/vec4 0, 0, 1;
    %store/vec4 v0x914824e60_0, 0, 1;
    %fork TD_tb_mac.step, S_0x102bb2530;
    %join;
    %pushi/vec4 1, 0, 1;
    %store/vec4 v0x914824f00_0, 0, 1;
    %pushi/vec4 1, 0, 8;
    %store/vec4 v0x914824d20_0, 0, 8;
    %pushi/vec4 255, 0, 8;
    %store/vec4 v0x914824dc0_0, 0, 8;
    %pushi/vec4 0, 0, 1;
    %store/vec4 v0x914824e60_0, 0, 1;
    %fork TD_tb_mac.step, S_0x102bb2530;
    %join;
    %pushi/vec4 1, 0, 1;
    %store/vec4 v0x914824f00_0, 0, 1;
    %pushi/vec4 255, 0, 8;
    %store/vec4 v0x914824d20_0, 0, 8;
    %pushi/vec4 255, 0, 8;
    %store/vec4 v0x914824dc0_0, 0, 8;
    %pushi/vec4 0, 0, 1;
    %store/vec4 v0x914824e60_0, 0, 1;
    %fork TD_tb_mac.step, S_0x102bb2530;
    %join;
    %pushi/vec4 1, 0, 1;
    %store/vec4 v0x914824f00_0, 0, 1;
    %pushi/vec4 128, 0, 8;
    %store/vec4 v0x914824d20_0, 0, 8;
    %pushi/vec4 3, 0, 8;
    %store/vec4 v0x914824dc0_0, 0, 8;
    %pushi/vec4 0, 0, 1;
    %store/vec4 v0x914824e60_0, 0, 1;
    %fork TD_tb_mac.step, S_0x102bb2530;
    %join;
    %pushi/vec4 4, 0, 32;
    %store/vec4 v0x914824c80_0, 0, 32;
    %fork TD_tb_mac.idle, S_0x102bb2090;
    %join;
    %pushi/vec4 3940215512, 0, 33;
    %concati/vec4 3270036158, 0, 32;
    %concati/vec4 3704278722, 0, 32;
    %concati/vec4 1953068645, 0, 31;
    %store/vec4 v0x914825a40_0, 0, 128;
    %pushi/vec4 0, 0, 1;
    %store/vec4 v0x914824f00_0, 0, 1;
    %pushi/vec4 0, 0, 8;
    %store/vec4 v0x914824d20_0, 0, 8;
    %pushi/vec4 0, 0, 8;
    %store/vec4 v0x914824dc0_0, 0, 8;
    %pushi/vec4 1, 0, 1;
    %store/vec4 v0x914824e60_0, 0, 1;
    %fork TD_tb_mac.step, S_0x102bb2530;
    %join;
    %pushi/vec4 2, 0, 32;
    %store/vec4 v0x914824c80_0, 0, 32;
    %fork TD_tb_mac.idle, S_0x102bb2090;
    %join;
    %pushi/vec4 1, 0, 1;
    %store/vec4 v0x914824f00_0, 0, 1;
    %pushi/vec4 128, 0, 8;
    %store/vec4 v0x914824d20_0, 0, 8;
    %pushi/vec4 127, 0, 8;
    %store/vec4 v0x914824dc0_0, 0, 8;
    %pushi/vec4 0, 0, 1;
    %store/vec4 v0x914824e60_0, 0, 1;
    %fork TD_tb_mac.step, S_0x102bb2530;
    %join;
    %pushi/vec4 1, 0, 1;
    %store/vec4 v0x914824f00_0, 0, 1;
    %pushi/vec4 128, 0, 8;
    %store/vec4 v0x914824d20_0, 0, 8;
    %pushi/vec4 127, 0, 8;
    %store/vec4 v0x914824dc0_0, 0, 8;
    %pushi/vec4 0, 0, 1;
    %store/vec4 v0x914824e60_0, 0, 1;
    %fork TD_tb_mac.step, S_0x102bb2530;
    %join;
    %pushi/vec4 1, 0, 1;
    %store/vec4 v0x914824f00_0, 0, 1;
    %pushi/vec4 127, 0, 8;
    %store/vec4 v0x914824d20_0, 0, 8;
    %pushi/vec4 127, 0, 8;
    %store/vec4 v0x914824dc0_0, 0, 8;
    %pushi/vec4 0, 0, 1;
    %store/vec4 v0x914824e60_0, 0, 1;
    %fork TD_tb_mac.step, S_0x102bb2530;
    %join;
    %pushi/vec4 1, 0, 1;
    %store/vec4 v0x914824f00_0, 0, 1;
    %pushi/vec4 127, 0, 8;
    %store/vec4 v0x914824d20_0, 0, 8;
    %pushi/vec4 127, 0, 8;
    %store/vec4 v0x914824dc0_0, 0, 8;
    %pushi/vec4 0, 0, 1;
    %store/vec4 v0x914824e60_0, 0, 1;
    %fork TD_tb_mac.step, S_0x102bb2530;
    %join;
    %pushi/vec4 4, 0, 32;
    %store/vec4 v0x914824c80_0, 0, 32;
    %fork TD_tb_mac.idle, S_0x102bb2090;
    %join;
    %pushi/vec4 0, 0, 32; draw_string_vec4
    %pushi/vec4 2003395685, 0, 32; draw_string_vec4
    %concat/vec4; draw_string_vec4
    %pushi/vec4 1601204847, 0, 32; draw_string_vec4
    %concat/vec4; draw_string_vec4
    %pushi/vec4 1685414772, 0, 32; draw_string_vec4
    %concat/vec4; draw_string_vec4
    %store/vec4 v0x914825a40_0, 0, 128;
    %pushi/vec4 1, 0, 1;
    %store/vec4 v0x914824f00_0, 0, 1;
    %pushi/vec4 128, 0, 8;
    %store/vec4 v0x914824d20_0, 0, 8;
    %pushi/vec4 128, 0, 8;
    %store/vec4 v0x914824dc0_0, 0, 8;
    %pushi/vec4 0, 0, 1;
    %store/vec4 v0x914824e60_0, 0, 1;
    %fork TD_tb_mac.step, S_0x102bb2530;
    %join;
    %pushi/vec4 1, 0, 1;
    %store/vec4 v0x914824f00_0, 0, 1;
    %pushi/vec4 127, 0, 8;
    %store/vec4 v0x914824d20_0, 0, 8;
    %pushi/vec4 127, 0, 8;
    %store/vec4 v0x914824dc0_0, 0, 8;
    %pushi/vec4 0, 0, 1;
    %store/vec4 v0x914824e60_0, 0, 1;
    %fork TD_tb_mac.step, S_0x102bb2530;
    %join;
    %pushi/vec4 1, 0, 1;
    %store/vec4 v0x914824f00_0, 0, 1;
    %pushi/vec4 128, 0, 8;
    %store/vec4 v0x914824d20_0, 0, 8;
    %pushi/vec4 127, 0, 8;
    %store/vec4 v0x914824dc0_0, 0, 8;
    %pushi/vec4 0, 0, 1;
    %store/vec4 v0x914824e60_0, 0, 1;
    %fork TD_tb_mac.step, S_0x102bb2530;
    %join;
    %pushi/vec4 4, 0, 32;
    %store/vec4 v0x914824c80_0, 0, 32;
    %fork TD_tb_mac.idle, S_0x102bb2090;
    %join;
    %pushi/vec4 0, 0, 32; draw_string_vec4
    %pushi/vec4 29561, 0, 32; draw_string_vec4
    %concat/vec4; draw_string_vec4
    %pushi/vec4 1852006243, 0, 32; draw_string_vec4
    %concat/vec4; draw_string_vec4
    %pushi/vec4 1818583410, 0, 32; draw_string_vec4
    %concat/vec4; draw_string_vec4
    %store/vec4 v0x914825a40_0, 0, 128;
    %pushi/vec4 0, 0, 1;
    %store/vec4 v0x914824f00_0, 0, 1;
    %pushi/vec4 0, 0, 8;
    %store/vec4 v0x914824d20_0, 0, 8;
    %pushi/vec4 0, 0, 8;
    %store/vec4 v0x914824dc0_0, 0, 8;
    %pushi/vec4 1, 0, 1;
    %store/vec4 v0x914824e60_0, 0, 1;
    %fork TD_tb_mac.step, S_0x102bb2530;
    %join;
    %pushi/vec4 3, 0, 32;
    %store/vec4 v0x914824c80_0, 0, 32;
    %fork TD_tb_mac.idle, S_0x102bb2090;
    %join;
    %pushi/vec4 1, 0, 1;
    %store/vec4 v0x914824f00_0, 0, 1;
    %pushi/vec4 12, 0, 8;
    %store/vec4 v0x914824d20_0, 0, 8;
    %pushi/vec4 222, 0, 8;
    %store/vec4 v0x914824dc0_0, 0, 8;
    %pushi/vec4 0, 0, 1;
    %store/vec4 v0x914824e60_0, 0, 1;
    %fork TD_tb_mac.step, S_0x102bb2530;
    %join;
    %pushi/vec4 4, 0, 32;
    %store/vec4 v0x914824c80_0, 0, 32;
    %fork TD_tb_mac.idle, S_0x102bb2090;
    %join;
    %pushi/vec4 0, 0, 32; draw_string_vec4
    %pushi/vec4 0, 0, 32; draw_string_vec4
    %concat/vec4; draw_string_vec4
    %pushi/vec4 29281, 0, 32; draw_string_vec4
    %concat/vec4; draw_string_vec4
    %pushi/vec4 1852075885, 0, 32; draw_string_vec4
    %concat/vec4; draw_string_vec4
    %store/vec4 v0x914825a40_0, 0, 128;
    %pushi/vec4 0, 0, 32;
    %store/vec4 v0x914825540_0, 0, 32;
T_8.2 ; Top of for-loop
    %load/vec4 v0x914825540_0;
    %cmpi/s 300, 0, 32;
	  %jmp/0xz T_8.3, 5;
    %vpi_func 2 137 "$random" 32 {0 0 0};
    %pad/s 1;
    %store/vec4 v0x914824f00_0, 0, 1;
    %vpi_func 2 137 "$random" 32 {0 0 0};
    %pad/s 8;
    %store/vec4 v0x914824d20_0, 0, 8;
    %vpi_func 2 137 "$random" 32 {0 0 0};
    %pad/s 8;
    %store/vec4 v0x914824dc0_0, 0, 8;
    %vpi_func 2 137 "$random" 32 {0 0 0};
    %pushi/vec4 23, 0, 32;
    %mod/s;
    %pushi/vec4 0, 0, 32;
    %cmp/e;
    %flag_get/vec4 4;
    %store/vec4 v0x914824e60_0, 0, 1;
    %fork TD_tb_mac.step, S_0x102bb2530;
    %join;
T_8.4 ; for-loop step statement
    %load/vec4 v0x914825540_0;
    %addi 1, 0, 32;
    %store/vec4 v0x914825540_0, 0, 32;
    %jmp T_8.2;
T_8.3 ; for-loop exit label
    %pushi/vec4 4, 0, 32;
    %store/vec4 v0x914824c80_0, 0, 32;
    %fork TD_tb_mac.idle, S_0x102bb2090;
    %join;
    %pushi/vec4 1953002095, 0, 32; draw_string_vec4
    %pushi/vec4 1969711216, 0, 32; draw_string_vec4
    %concat/vec4; draw_string_vec4
    %pushi/vec4 1970560866, 0, 32; draw_string_vec4
    %concat/vec4; draw_string_vec4
    %pushi/vec4 1970434932, 0, 32; draw_string_vec4
    %concat/vec4; draw_string_vec4
    %store/vec4 v0x914825a40_0, 0, 128;
    %pushi/vec4 0, 0, 1;
    %store/vec4 v0x914824f00_0, 0, 1;
    %pushi/vec4 0, 0, 8;
    %store/vec4 v0x914824d20_0, 0, 8;
    %pushi/vec4 0, 0, 8;
    %store/vec4 v0x914824dc0_0, 0, 8;
    %pushi/vec4 1, 0, 1;
    %store/vec4 v0x914824e60_0, 0, 1;
    %fork TD_tb_mac.step, S_0x102bb2530;
    %join;
    %pushi/vec4 2, 0, 32;
    %store/vec4 v0x914824c80_0, 0, 32;
    %fork TD_tb_mac.idle, S_0x102bb2090;
    %join;
    %pushi/vec4 1, 0, 1;
    %store/vec4 v0x914825900_0, 0, 1;
    %pushi/vec4 0, 0, 32;
    %store/vec4 v0x914825c20_0, 0, 32;
    %load/vec4 v0x914825360_0;
    %store/vec4 v0x914825400_0, 0, 32;
    %pushi/vec4 0, 0, 32;
    %store/vec4 v0x914825540_0, 0, 32;
T_8.5 ; Top of for-loop
    %load/vec4 v0x914825540_0;
    %cmpi/s 256, 0, 32;
	  %jmp/0xz T_8.6, 5;
    %pushi/vec4 1, 0, 1;
    %store/vec4 v0x914824f00_0, 0, 1;
    %load/vec4 v0x914825540_0;
    %pad/s 8;
    %store/vec4 v0x914824d20_0, 0, 8;
    %pushi/vec4 3, 0, 8;
    %store/vec4 v0x914824dc0_0, 0, 8;
    %pushi/vec4 0, 0, 1;
    %store/vec4 v0x914824e60_0, 0, 1;
    %fork TD_tb_mac.step, S_0x102bb2530;
    %join;
T_8.7 ; for-loop step statement
    %load/vec4 v0x914825540_0;
    %addi 1, 0, 32;
    %store/vec4 v0x914825540_0, 0, 32;
    %jmp T_8.5;
T_8.6 ; for-loop exit label
    %pushi/vec4 6, 0, 32;
    %store/vec4 v0x914824c80_0, 0, 32;
    %fork TD_tb_mac.idle, S_0x102bb2090;
    %join;
    %pushi/vec4 0, 0, 1;
    %store/vec4 v0x914825900_0, 0, 1;
    %load/vec4 v0x9148255e0_0;
    %load/vec4 v0x9148254a0_0;
    %sub;
    %addi 1, 0, 32;
    %load/vec4 v0x9148254a0_0;
    %load/vec4 v0x914825400_0;
    %sub;
    %vpi_call 2 153 "$display", "TB_PROFILE macs=%0d span_cycles=%0d latency_cycles=%0d", v0x914825c20_0, S<1,vec4,s32>, S<0,vec4,s32> {2 0 0};
    %vpi_call 2 157 "$display", "TB_PASS checks=%0d", v0x914825180_0 {0 0 0};
    %vpi_call 2 158 "$display", "TB_RESULT: PASS" {0 0 0};
    %vpi_call 2 159 "$finish" {0 0 0};
    %end;
    .thread T_8;
# The file index is used to find the file name in the following table.
:file_names 4;
    "N/A";
    "<interactive>";
    "/Users/ssuleman/Desktop/ML4PD Projects/capstone-prototypes/agentic-fpga-scaleout/tb_dbg.v";
    "/Users/ssuleman/Desktop/ML4PD Projects/capstone-prototypes/agentic-fpga-scaleout/build_dbg/rtl_dbg.v";
