#! /opt/homebrew/Cellar/icarus-verilog/13.0/bin/vvp
:ivl_version "13.0 (stable)" "(v13_0)";
:ivl_delay_selection "TYPICAL";
:vpi_time_precision - 12;
:vpi_module "/opt/homebrew/Cellar/icarus-verilog/13.0/lib/ivl/system.vpi";
:vpi_module "/opt/homebrew/Cellar/icarus-verilog/13.0/lib/ivl/vhdl_sys.vpi";
:vpi_module "/opt/homebrew/Cellar/icarus-verilog/13.0/lib/ivl/vhdl_textio.vpi";
:vpi_module "/opt/homebrew/Cellar/icarus-verilog/13.0/lib/ivl/v2005_math.vpi";
:vpi_module "/opt/homebrew/Cellar/icarus-verilog/13.0/lib/ivl/va_math.vpi";
S_0x1056aaa90 .scope module, "tb_mac" "tb_mac" 2 9;
 .timescale -9 -12;
v0xa94820b40_0 .var "a", 7 0;
v0xa94820be0_0 .net "acc", 27 0, L_0xa9481c310;  1 drivers
v0xa94820c80_0 .var "b", 7 0;
v0xa94820d20_0 .var/i "checks", 31 0;
v0xa94820dc0_0 .var "clear", 0 0;
v0xa94820e60_0 .var "clk", 0 0;
v0xa94820f00_0 .var/i "cyc", 31 0;
v0xa94820fa0_0 .var/i "first_vin_cyc", 31 0;
v0xa94821040_0 .var/i "first_vout_cyc", 31 0;
v0xa948210e0_0 .var/i "i", 31 0;
v0xa94821180_0 .var/i "last_vout_cyc", 31 0;
v0xa94821220_0 .var "m_acc", 27 0;
v0xa948212c0_0 .var "m_prod", 15 0;
v0xa94821360_0 .var "m_vout", 0 0;
v0xa94821400_0 .var "m_vpipe", 0 0;
v0xa948214a0_0 .var "profiling", 0 0;
v0xa94821540_0 .var "rst_n", 0 0;
v0xa948215e0_0 .var "testname", 127 0;
v0xa94821680_0 .var "valid_in", 0 0;
v0xa94821720_0 .net "valid_out", 0 0, L_0xa9481c380;  1 drivers
v0xa948217c0_0 .var/i "vout_count", 31 0;
S_0x1056aac10 .scope task, "check" "check" 2 56, 2 56 0, S_0x1056aaa90;
 .timescale -9 -12;
TD_tb_mac.check ;
    %load/vec4 v0xa94820d20_0;
    %addi 1, 0, 32;
    %store/vec4 v0xa94820d20_0, 0, 32;
    %load/vec4 v0xa94820be0_0;
    %load/vec4 v0xa94821220_0;
    %cmp/ne;
    %jmp/1 T_0.2, 6;
    %flag_mov 8, 6;
    %load/vec4 v0xa94821720_0;
    %load/vec4 v0xa94821360_0;
    %cmp/ne;
    %flag_or 6, 8;
T_0.2;
    %jmp/0xz  T_0.0, 6;
    %vpi_call 2 60 "$display", "TB_FAIL test=%0s expected_acc=%0d got_acc=%0d expected_vout=%b got_vout=%b", v0xa948215e0_0, v0xa94821220_0, v0xa94820be0_0, v0xa94821360_0, v0xa94821720_0 {0 0 0};
    %vpi_call 2 62 "$display", "TB_RESULT: FAIL" {0 0 0};
    %vpi_call 2 63 "$finish" {0 0 0};
T_0.0 ;
    %end;
S_0x1056b5c70 .scope module, "dut" "mac" 2 26, 3 1 0, S_0x1056aaa90;
 .timescale -9 -12;
    .port_info 0 /INPUT 1 "clk";
    .port_info 1 /INPUT 1 "rst_n";
    .port_info 2 /INPUT 1 "clear";
    .port_info 3 /INPUT 8 "a";
    .port_info 4 /INPUT 8 "b";
    .port_info 5 /INPUT 1 "valid_in";
    .port_info 6 /OUTPUT 28 "acc";
    .port_info 7 /OUTPUT 1 "valid_out";
L_0xa9481c310 .functor BUFZ 28, v0xa948201e0_0, C4<0000000000000000000000000000>, C4<0000000000000000000000000000>, C4<0000000000000000000000000000>;
L_0xa9481c380 .functor BUFZ 1, v0xa948206e0_0, C4<0>, C4<0>, C4<0>;
v0xa948200a0_0 .net "a", 7 0, v0xa94820b40_0;  1 drivers
v0xa94820140_0 .net "acc", 27 0, L_0xa9481c310;  alias, 1 drivers
v0xa948201e0_0 .var "acc_reg", 27 0;
v0xa94820280_0 .net "b", 7 0, v0xa94820c80_0;  1 drivers
v0xa94820320_0 .net "clear", 0 0, v0xa94820dc0_0;  1 drivers
v0xa948203c0_0 .net "clk", 0 0, v0xa94820e60_0;  1 drivers
v0xa94820460_0 .var "product_s1", 15 0;
v0xa94820500_0 .net "rst_n", 0 0, v0xa94821540_0;  1 drivers
v0xa948205a0_0 .net "valid_in", 0 0, v0xa94821680_0;  1 drivers
v0xa94820640_0 .net "valid_out", 0 0, L_0xa9481c380;  alias, 1 drivers
v0xa948206e0_0 .var "valid_out_reg", 0 0;
v0xa94820780_0 .var "valid_s1", 0 0;
E_0xa95058200 .event posedge, v0xa948203c0_0;
S_0x1056b5df0 .scope task, "idle" "idle" 2 77, 2 77 0, S_0x1056aaa90;
 .timescale -9 -12;
v0xa94820820_0 .var/i "n", 31 0;
TD_tb_mac.idle ;
    %pushi/vec4 0, 0, 32;
    %store/vec4 v0xa948210e0_0, 0, 32;
T_1.3 ; Top of for-loop
    %load/vec4 v0xa948210e0_0;
    %load/vec4 v0xa94820820_0;
    %cmp/s;
	  %jmp/0xz T_1.4, 5;
    %pushi/vec4 0, 0, 1;
    %store/vec4 v0xa94820aa0_0, 0, 1;
    %pushi/vec4 0, 0, 8;
    %store/vec4 v0xa948208c0_0, 0, 8;
    %pushi/vec4 0, 0, 8;
    %store/vec4 v0xa94820960_0, 0, 8;
    %pushi/vec4 0, 0, 1;
    %store/vec4 v0xa94820a00_0, 0, 1;
    %fork TD_tb_mac.step, S_0x1056b9820;
    %join;
T_1.5 ; for-loop step statement
    %load/vec4 v0xa948210e0_0;
    %addi 1, 0, 32;
    %store/vec4 v0xa948210e0_0, 0, 32;
    %jmp T_1.3;
T_1.4 ; for-loop exit label
    %end;
S_0x1056b9820 .scope task, "step" "step" 2 69, 2 69 0, S_0x1056aaa90;
 .timescale -9 -12;
v0xa948208c0_0 .var "ai", 7 0;
v0xa94820960_0 .var "bi", 7 0;
v0xa94820a00_0 .var "c", 0 0;
v0xa94820aa0_0 .var "v", 0 0;
E_0xa95058280 .event negedge, v0xa948203c0_0;
TD_tb_mac.step ;
    %wait E_0xa95058280;
    %fork TD_tb_mac.check, S_0x1056aac10;
    %join;
    %load/vec4 v0xa94820aa0_0;
    %store/vec4 v0xa94821680_0, 0, 1;
    %load/vec4 v0xa948208c0_0;
    %store/vec4 v0xa94820b40_0, 0, 8;
    %load/vec4 v0xa94820960_0;
    %store/vec4 v0xa94820c80_0, 0, 8;
    %load/vec4 v0xa94820a00_0;
    %store/vec4 v0xa94820dc0_0, 0, 1;
    %end;
    .scope S_0x1056b5c70;
T_3 ;
    %wait E_0xa95058200;
    %load/vec4 v0xa94820500_0;
    %nor/r;
    %flag_set/vec4 8;
    %jmp/0xz  T_3.0, 8;
    %pushi/vec4 0, 0, 16;
    %assign/vec4 v0xa94820460_0, 0;
    %pushi/vec4 0, 0, 1;
    %assign/vec4 v0xa94820780_0, 0;
    %pushi/vec4 0, 0, 28;
    %assign/vec4 v0xa948201e0_0, 0;
    %pushi/vec4 0, 0, 1;
    %assign/vec4 v0xa948206e0_0, 0;
    %jmp T_3.1;
T_3.0 ;
    %load/vec4 v0xa948200a0_0;
    %pad/u 16;
    %load/vec4 v0xa94820280_0;
    %pad/u 16;
    %mul;
    %assign/vec4 v0xa94820460_0, 0;
    %load/vec4 v0xa948205a0_0;
    %assign/vec4 v0xa94820780_0, 0;
    %load/vec4 v0xa94820320_0;
    %flag_set/vec4 8;
    %jmp/0xz  T_3.2, 8;
    %pushi/vec4 0, 0, 28;
    %assign/vec4 v0xa948201e0_0, 0;
    %pushi/vec4 0, 0, 1;
    %assign/vec4 v0xa948206e0_0, 0;
    %jmp T_3.3;
T_3.2 ;
    %load/vec4 v0xa94820780_0;
    %flag_set/vec4 8;
    %jmp/0xz  T_3.4, 8;
    %load/vec4 v0xa948201e0_0;
    %pushi/vec4 0, 0, 12;
    %load/vec4 v0xa94820460_0;
    %concat/vec4; draw_concat_vec4
    %add;
    %assign/vec4 v0xa948201e0_0, 0;
    %pushi/vec4 1, 0, 1;
    %assign/vec4 v0xa948206e0_0, 0;
    %jmp T_3.5;
T_3.4 ;
    %pushi/vec4 0, 0, 1;
    %assign/vec4 v0xa948206e0_0, 0;
T_3.5 ;
T_3.3 ;
T_3.1 ;
    %jmp T_3;
    .thread T_3;
    .scope S_0x1056aaa90;
T_4 ;
    %pushi/vec4 0, 0, 1;
    %store/vec4 v0xa94820e60_0, 0, 1;
    %pushi/vec4 0, 0, 1;
    %store/vec4 v0xa94821540_0, 0, 1;
    %pushi/vec4 0, 0, 1;
    %store/vec4 v0xa94820dc0_0, 0, 1;
    %pushi/vec4 0, 0, 1;
    %store/vec4 v0xa94821680_0, 0, 1;
    %pushi/vec4 0, 0, 8;
    %store/vec4 v0xa94820b40_0, 0, 8;
    %pushi/vec4 0, 0, 8;
    %store/vec4 v0xa94820c80_0, 0, 8;
    %pushi/vec4 0, 0, 32;
    %store/vec4 v0xa94820d20_0, 0, 32;
    %pushi/vec4 0, 0, 32;
    %store/vec4 v0xa94820f00_0, 0, 32;
    %pushi/vec4 0, 0, 32;
    %store/vec4 v0xa94820fa0_0, 0, 32;
    %pushi/vec4 0, 0, 32;
    %store/vec4 v0xa94821040_0, 0, 32;
    %pushi/vec4 0, 0, 32;
    %store/vec4 v0xa94821180_0, 0, 32;
    %pushi/vec4 0, 0, 32;
    %store/vec4 v0xa948217c0_0, 0, 32;
    %pushi/vec4 0, 0, 1;
    %store/vec4 v0xa948214a0_0, 0, 1;
    %end;
    .thread T_4;
    .scope S_0x1056aaa90;
T_5 ;
    %delay 5000, 0;
    %load/vec4 v0xa94820e60_0;
    %inv;
    %store/vec4 v0xa94820e60_0, 0, 1;
    %jmp T_5;
    .thread T_5;
    .scope S_0x1056aaa90;
T_6 ;
    %wait E_0xa95058200;
    %load/vec4 v0xa94820f00_0;
    %addi 1, 0, 32;
    %store/vec4 v0xa94820f00_0, 0, 32;
    %load/vec4 v0xa948214a0_0;
    %flag_set/vec4 9;
    %flag_get/vec4 9;
    %jmp/0 T_6.2, 9;
    %load/vec4 v0xa94821720_0;
    %and;
T_6.2;
    %flag_set/vec4 8;
    %jmp/0xz  T_6.0, 8;
    %load/vec4 v0xa948217c0_0;
    %cmpi/e 0, 0, 32;
    %jmp/0xz  T_6.3, 4;
    %load/vec4 v0xa94820f00_0;
    %store/vec4 v0xa94821040_0, 0, 32;
T_6.3 ;
    %load/vec4 v0xa94820f00_0;
    %store/vec4 v0xa94821180_0, 0, 32;
    %load/vec4 v0xa948217c0_0;
    %addi 1, 0, 32;
    %store/vec4 v0xa948217c0_0, 0, 32;
T_6.0 ;
    %jmp T_6;
    .thread T_6;
    .scope S_0x1056aaa90;
T_7 ;
    %wait E_0xa95058200;
    %load/vec4 v0xa94821540_0;
    %nor/r;
    %flag_set/vec4 8;
    %jmp/0xz  T_7.0, 8;
    %pushi/vec4 0, 0, 16;
    %assign/vec4 v0xa948212c0_0, 0;
    %pushi/vec4 0, 0, 1;
    %assign/vec4 v0xa94821400_0, 0;
    %pushi/vec4 0, 0, 28;
    %assign/vec4 v0xa94821220_0, 0;
    %pushi/vec4 0, 0, 1;
    %assign/vec4 v0xa94821360_0, 0;
    %jmp T_7.1;
T_7.0 ;
    %load/vec4 v0xa94820b40_0;
    %pad/u 16;
    %load/vec4 v0xa94820c80_0;
    %pad/u 16;
    %mul;
    %assign/vec4 v0xa948212c0_0, 0;
    %load/vec4 v0xa94821680_0;
    %assign/vec4 v0xa94821400_0, 0;
    %load/vec4 v0xa94820dc0_0;
    %flag_set/vec4 8;
    %jmp/0xz  T_7.2, 8;
    %pushi/vec4 0, 0, 28;
    %assign/vec4 v0xa94821220_0, 0;
    %pushi/vec4 0, 0, 1;
    %assign/vec4 v0xa94821360_0, 0;
    %jmp T_7.3;
T_7.2 ;
    %load/vec4 v0xa94821400_0;
    %flag_set/vec4 8;
    %jmp/0xz  T_7.4, 8;
    %load/vec4 v0xa94821220_0;
    %load/vec4 v0xa948212c0_0;
    %pad/u 28;
    %add;
    %assign/vec4 v0xa94821220_0, 0;
T_7.4 ;
    %load/vec4 v0xa94821400_0;
    %assign/vec4 v0xa94821360_0, 0;
T_7.3 ;
T_7.1 ;
    %jmp T_7;
    .thread T_7;
    .scope S_0x1056aaa90;
T_8 ;
    %pushi/vec4 0, 0, 32; draw_string_vec4
    %pushi/vec4 0, 0, 32; draw_string_vec4
    %concat/vec4; draw_string_vec4
    %pushi/vec4 114, 0, 32; draw_string_vec4
    %concat/vec4; draw_string_vec4
    %pushi/vec4 1702061428, 0, 32; draw_string_vec4
    %concat/vec4; draw_string_vec4
    %store/vec4 v0xa948215e0_0, 0, 128;
    %pushi/vec4 3, 0, 32;
T_8.0 %dup/vec4;
    %cmpi/s 0, 0, 32;
    %jmp/1xz T_8.1, 5;
    %jmp/1 T_8.1, 4;
    %subi 1, 0, 32;
    %wait E_0xa95058280;
    %jmp T_8.0;
T_8.1 ;
    %pop/vec4 1;
    %pushi/vec4 1, 0, 1;
    %store/vec4 v0xa94821540_0, 0, 1;
    %pushi/vec4 2, 0, 32;
    %store/vec4 v0xa94820820_0, 0, 32;
    %fork TD_tb_mac.idle, S_0x1056b5df0;
    %join;
    %pushi/vec4 0, 0, 32; draw_string_vec4
    %pushi/vec4 1936548204, 0, 32; draw_string_vec4
    %concat/vec4; draw_string_vec4
    %pushi/vec4 1818195553, 0, 32; draw_string_vec4
    %concat/vec4; draw_string_vec4
    %pushi/vec4 1819633011, 0, 32; draw_string_vec4
    %concat/vec4; draw_string_vec4
    %store/vec4 v0xa948215e0_0, 0, 128;
    %pushi/vec4 1, 0, 1;
    %store/vec4 v0xa94820aa0_0, 0, 1;
    %pushi/vec4 3, 0, 8;
    %store/vec4 v0xa948208c0_0, 0, 8;
    %pushi/vec4 5, 0, 8;
    %store/vec4 v0xa94820960_0, 0, 8;
    %pushi/vec4 0, 0, 1;
    %store/vec4 v0xa94820a00_0, 0, 1;
    %fork TD_tb_mac.step, S_0x1056b9820;
    %join;
    %pushi/vec4 1, 0, 1;
    %store/vec4 v0xa94820aa0_0, 0, 1;
    %pushi/vec4 7, 0, 8;
    %store/vec4 v0xa948208c0_0, 0, 8;
    %pushi/vec4 9, 0, 8;
    %store/vec4 v0xa94820960_0, 0, 8;
    %pushi/vec4 0, 0, 1;
    %store/vec4 v0xa94820a00_0, 0, 1;
    %fork TD_tb_mac.step, S_0x1056b9820;
    %join;
    %pushi/vec4 1, 0, 1;
    %store/vec4 v0xa94820aa0_0, 0, 1;
    %pushi/vec4 15, 0, 8;
    %store/vec4 v0xa948208c0_0, 0, 8;
    %pushi/vec4 15, 0, 8;
    %store/vec4 v0xa94820960_0, 0, 8;
    %pushi/vec4 0, 0, 1;
    %store/vec4 v0xa94820a00_0, 0, 1;
    %fork TD_tb_mac.step, S_0x1056b9820;
    %join;
    %pushi/vec4 4, 0, 32;
    %store/vec4 v0xa94820820_0, 0, 32;
    %fork TD_tb_mac.idle, S_0x1056b5df0;
    %join;
    %pushi/vec4 0, 0, 32; draw_string_vec4
    %pushi/vec4 2003395685, 0, 32; draw_string_vec4
    %concat/vec4; draw_string_vec4
    %pushi/vec4 1601204847, 0, 32; draw_string_vec4
    %concat/vec4; draw_string_vec4
    %pushi/vec4 1685414772, 0, 32; draw_string_vec4
    %concat/vec4; draw_string_vec4
    %store/vec4 v0xa948215e0_0, 0, 128;
    %pushi/vec4 1, 0, 1;
    %store/vec4 v0xa94820aa0_0, 0, 1;
    %pushi/vec4 255, 0, 8;
    %store/vec4 v0xa948208c0_0, 0, 8;
    %pushi/vec4 255, 0, 8;
    %store/vec4 v0xa94820960_0, 0, 8;
    %pushi/vec4 0, 0, 1;
    %store/vec4 v0xa94820a00_0, 0, 1;
    %fork TD_tb_mac.step, S_0x1056b9820;
    %join;
    %pushi/vec4 1, 0, 1;
    %store/vec4 v0xa94820aa0_0, 0, 1;
    %pushi/vec4 254, 0, 8;
    %store/vec4 v0xa948208c0_0, 0, 8;
    %pushi/vec4 253, 0, 8;
    %store/vec4 v0xa94820960_0, 0, 8;
    %pushi/vec4 0, 0, 1;
    %store/vec4 v0xa94820a00_0, 0, 1;
    %fork TD_tb_mac.step, S_0x1056b9820;
    %join;
    %pushi/vec4 1, 0, 1;
    %store/vec4 v0xa94820aa0_0, 0, 1;
    %pushi/vec4 255, 0, 8;
    %store/vec4 v0xa948208c0_0, 0, 8;
    %pushi/vec4 1, 0, 8;
    %store/vec4 v0xa94820960_0, 0, 8;
    %pushi/vec4 0, 0, 1;
    %store/vec4 v0xa94820a00_0, 0, 1;
    %fork TD_tb_mac.step, S_0x1056b9820;
    %join;
    %pushi/vec4 4, 0, 32;
    %store/vec4 v0xa94820820_0, 0, 32;
    %fork TD_tb_mac.idle, S_0x1056b5df0;
    %join;
    %pushi/vec4 0, 0, 32; draw_string_vec4
    %pushi/vec4 29561, 0, 32; draw_string_vec4
    %concat/vec4; draw_string_vec4
    %pushi/vec4 1852006243, 0, 32; draw_string_vec4
    %concat/vec4; draw_string_vec4
    %pushi/vec4 1818583410, 0, 32; draw_string_vec4
    %concat/vec4; draw_string_vec4
    %store/vec4 v0xa948215e0_0, 0, 128;
    %pushi/vec4 0, 0, 1;
    %store/vec4 v0xa94820aa0_0, 0, 1;
    %pushi/vec4 0, 0, 8;
    %store/vec4 v0xa948208c0_0, 0, 8;
    %pushi/vec4 0, 0, 8;
    %store/vec4 v0xa94820960_0, 0, 8;
    %pushi/vec4 1, 0, 1;
    %store/vec4 v0xa94820a00_0, 0, 1;
    %fork TD_tb_mac.step, S_0x1056b9820;
    %join;
    %pushi/vec4 3, 0, 32;
    %store/vec4 v0xa94820820_0, 0, 32;
    %fork TD_tb_mac.idle, S_0x1056b5df0;
    %join;
    %pushi/vec4 1, 0, 1;
    %store/vec4 v0xa94820aa0_0, 0, 1;
    %pushi/vec4 12, 0, 8;
    %store/vec4 v0xa948208c0_0, 0, 8;
    %pushi/vec4 34, 0, 8;
    %store/vec4 v0xa94820960_0, 0, 8;
    %pushi/vec4 0, 0, 1;
    %store/vec4 v0xa94820a00_0, 0, 1;
    %fork TD_tb_mac.step, S_0x1056b9820;
    %join;
    %pushi/vec4 4, 0, 32;
    %store/vec4 v0xa94820820_0, 0, 32;
    %fork TD_tb_mac.idle, S_0x1056b5df0;
    %join;
    %pushi/vec4 0, 0, 32; draw_string_vec4
    %pushi/vec4 0, 0, 32; draw_string_vec4
    %concat/vec4; draw_string_vec4
    %pushi/vec4 29281, 0, 32; draw_string_vec4
    %concat/vec4; draw_string_vec4
    %pushi/vec4 1852075885, 0, 32; draw_string_vec4
    %concat/vec4; draw_string_vec4
    %store/vec4 v0xa948215e0_0, 0, 128;
    %pushi/vec4 0, 0, 32;
    %store/vec4 v0xa948210e0_0, 0, 32;
T_8.2 ; Top of for-loop
    %load/vec4 v0xa948210e0_0;
    %cmpi/s 300, 0, 32;
	  %jmp/0xz T_8.3, 5;
    %vpi_func 2 111 "$random" 32 {0 0 0};
    %pad/s 1;
    %store/vec4 v0xa94820aa0_0, 0, 1;
    %vpi_func 2 111 "$random" 32 {0 0 0};
    %pad/s 8;
    %store/vec4 v0xa948208c0_0, 0, 8;
    %vpi_func 2 111 "$random" 32 {0 0 0};
    %pad/s 8;
    %store/vec4 v0xa94820960_0, 0, 8;
    %vpi_func 2 111 "$random" 32 {0 0 0};
    %pushi/vec4 23, 0, 32;
    %mod/s;
    %pushi/vec4 0, 0, 32;
    %cmp/e;
    %flag_get/vec4 4;
    %store/vec4 v0xa94820a00_0, 0, 1;
    %fork TD_tb_mac.step, S_0x1056b9820;
    %join;
T_8.4 ; for-loop step statement
    %load/vec4 v0xa948210e0_0;
    %addi 1, 0, 32;
    %store/vec4 v0xa948210e0_0, 0, 32;
    %jmp T_8.2;
T_8.3 ; for-loop exit label
    %pushi/vec4 4, 0, 32;
    %store/vec4 v0xa94820820_0, 0, 32;
    %fork TD_tb_mac.idle, S_0x1056b5df0;
    %join;
    %pushi/vec4 1953002095, 0, 32; draw_string_vec4
    %pushi/vec4 1969711216, 0, 32; draw_string_vec4
    %concat/vec4; draw_string_vec4
    %pushi/vec4 1970560866, 0, 32; draw_string_vec4
    %concat/vec4; draw_string_vec4
    %pushi/vec4 1970434932, 0, 32; draw_string_vec4
    %concat/vec4; draw_string_vec4
    %store/vec4 v0xa948215e0_0, 0, 128;
    %pushi/vec4 0, 0, 1;
    %store/vec4 v0xa94820aa0_0, 0, 1;
    %pushi/vec4 0, 0, 8;
    %store/vec4 v0xa948208c0_0, 0, 8;
    %pushi/vec4 0, 0, 8;
    %store/vec4 v0xa94820960_0, 0, 8;
    %pushi/vec4 1, 0, 1;
    %store/vec4 v0xa94820a00_0, 0, 1;
    %fork TD_tb_mac.step, S_0x1056b9820;
    %join;
    %pushi/vec4 2, 0, 32;
    %store/vec4 v0xa94820820_0, 0, 32;
    %fork TD_tb_mac.idle, S_0x1056b5df0;
    %join;
    %pushi/vec4 1, 0, 1;
    %store/vec4 v0xa948214a0_0, 0, 1;
    %pushi/vec4 0, 0, 32;
    %store/vec4 v0xa948217c0_0, 0, 32;
    %load/vec4 v0xa94820f00_0;
    %store/vec4 v0xa94820fa0_0, 0, 32;
    %pushi/vec4 0, 0, 32;
    %store/vec4 v0xa948210e0_0, 0, 32;
T_8.5 ; Top of for-loop
    %load/vec4 v0xa948210e0_0;
    %cmpi/s 256, 0, 32;
	  %jmp/0xz T_8.6, 5;
    %pushi/vec4 1, 0, 1;
    %store/vec4 v0xa94820aa0_0, 0, 1;
    %load/vec4 v0xa948210e0_0;
    %pad/s 8;
    %store/vec4 v0xa948208c0_0, 0, 8;
    %pushi/vec4 3, 0, 8;
    %store/vec4 v0xa94820960_0, 0, 8;
    %pushi/vec4 0, 0, 1;
    %store/vec4 v0xa94820a00_0, 0, 1;
    %fork TD_tb_mac.step, S_0x1056b9820;
    %join;
T_8.7 ; for-loop step statement
    %load/vec4 v0xa948210e0_0;
    %addi 1, 0, 32;
    %store/vec4 v0xa948210e0_0, 0, 32;
    %jmp T_8.5;
T_8.6 ; for-loop exit label
    %pushi/vec4 6, 0, 32;
    %store/vec4 v0xa94820820_0, 0, 32;
    %fork TD_tb_mac.idle, S_0x1056b5df0;
    %join;
    %pushi/vec4 0, 0, 1;
    %store/vec4 v0xa948214a0_0, 0, 1;
    %load/vec4 v0xa94821180_0;
    %load/vec4 v0xa94821040_0;
    %sub;
    %addi 1, 0, 32;
    %load/vec4 v0xa94821040_0;
    %load/vec4 v0xa94820fa0_0;
    %sub;
    %vpi_call 2 127 "$display", "TB_PROFILE macs=%0d span_cycles=%0d latency_cycles=%0d", v0xa948217c0_0, S<1,vec4,s32>, S<0,vec4,s32> {2 0 0};
    %vpi_call 2 131 "$display", "TB_PASS checks=%0d", v0xa94820d20_0 {0 0 0};
    %vpi_call 2 132 "$display", "TB_RESULT: PASS" {0 0 0};
    %vpi_call 2 133 "$finish" {0 0 0};
    %end;
    .thread T_8;
# The file index is used to find the file name in the following table.
:file_names 4;
    "N/A";
    "<interactive>";
    "/Users/ssuleman/Desktop/ML4PD Projects/capstone-prototypes/agentic-fpga-scaleout/tb_esc_bench.v";
    "/Users/ssuleman/Desktop/ML4PD Projects/capstone-prototypes/agentic-fpga-scaleout/build_esc_bench/rtl_esc_bench.v";
