#! /opt/homebrew/Cellar/icarus-verilog/13.0/bin/vvp
:ivl_version "13.0 (stable)" "(v13_0)";
:ivl_delay_selection "TYPICAL";
:vpi_time_precision - 12;
:vpi_module "/opt/homebrew/Cellar/icarus-verilog/13.0/lib/ivl/system.vpi";
:vpi_module "/opt/homebrew/Cellar/icarus-verilog/13.0/lib/ivl/vhdl_sys.vpi";
:vpi_module "/opt/homebrew/Cellar/icarus-verilog/13.0/lib/ivl/vhdl_textio.vpi";
:vpi_module "/opt/homebrew/Cellar/icarus-verilog/13.0/lib/ivl/v2005_math.vpi";
:vpi_module "/opt/homebrew/Cellar/icarus-verilog/13.0/lib/ivl/va_math.vpi";
S_0x1032f48e0 .scope module, "tb_crc" "tb_crc" 2 7;
 .timescale -9 -12;
v0xc9c860780_0 .var/i "checks", 31 0;
v0xc9c860820_0 .var "clear", 0 0;
v0xc9c8608c0_0 .var "clk", 0 0;
v0xc9c860960_0 .net "crc_out", 31 0, v0xc9c860140_0;  1 drivers
v0xc9c860a00_0 .var/i "cyc", 31 0;
v0xc9c860aa0_0 .var "data", 127 0;
v0xc9c860b40_0 .var/i "first_vin_cyc", 31 0;
v0xc9c860be0_0 .var/i "first_vout_cyc", 31 0;
v0xc9c860c80_0 .var/i "i", 31 0;
v0xc9c860d20_0 .var/i "last_vout_cyc", 31 0;
v0xc9c860dc0_0 .var "profiling", 0 0;
v0xc9c860e60_0 .var "rst_n", 0 0;
v0xc9c860f00_0 .var "testname", 255 0;
v0xc9c860fa0_0 .var "valid_in", 0 0;
v0xc9c861040_0 .net "valid_out", 0 0, v0xc9c860500_0;  1 drivers
v0xc9c8610e0_0 .var/i "vout_count", 31 0;
S_0x1032f4a60 .scope module, "dut" "crc32" 2 20, 3 1 0, S_0x1032f48e0;
 .timescale -9 -12;
    .port_info 0 /INPUT 1 "clk";
    .port_info 1 /INPUT 1 "rst_n";
    .port_info 2 /INPUT 1 "clear";
    .port_info 3 /INPUT 128 "data";
    .port_info 4 /INPUT 1 "valid_in";
    .port_info 5 /OUTPUT 32 "crc_out";
    .port_info 6 /OUTPUT 1 "valid_out";
v0xc9c860000_0 .net "clear", 0 0, v0xc9c860820_0;  1 drivers
v0xc9c8600a0_0 .net "clk", 0 0, v0xc9c8608c0_0;  1 drivers
v0xc9c860140_0 .var "crc_out", 31 0;
v0xc9c8601e0_0 .net "data", 127 0, v0xc9c860aa0_0;  1 drivers
v0xc9c860280_0 .var "nxt", 31 0;
v0xc9c860320_0 .net "rst_n", 0 0, v0xc9c860e60_0;  1 drivers
v0xc9c8603c0_0 .var "state", 31 0;
v0xc9c860460_0 .net "valid_in", 0 0, v0xc9c860fa0_0;  1 drivers
v0xc9c860500_0 .var "valid_out", 0 0;
E_0xc9c850340 .event posedge, v0xc9c8600a0_0;
S_0x1032fe510 .scope function.vec4.s32, "stepw" "stepw" 3 12, 3 12 0, S_0x1032f4a60;
 .timescale -9 -12;
v0x103303fa0_0 .var "b", 7 0;
v0x1032fe690_0 .var "c", 31 0;
v0x1032fe730_0 .var "d", 127 0;
v0x103304140_0 .var/i "i", 31 0;
v0x1033041e0_0 .var/i "k", 31 0;
; Variable stepw is vec4 return value of scope S_0x1032fe510
v0x103304680_0 .var "x", 31 0;
TD_tb_crc.dut.stepw ;
    %load/vec4 v0x1032fe690_0;
    %store/vec4 v0x103304680_0, 0, 32;
    %pushi/vec4 0, 0, 32;
    %store/vec4 v0x103304140_0, 0, 32;
T_0.0 ; Top of for-loop
    %load/vec4 v0x103304140_0;
    %cmpi/s 16, 0, 32;
	  %jmp/0xz T_0.1, 5;
    %load/vec4 v0x1032fe730_0;
    %load/vec4 v0x103304140_0;
    %muli 8, 0, 32;
    %ix/vec4 4;
    %shiftr 4;
    %pad/u 8;
    %store/vec4 v0x103303fa0_0, 0, 8;
    %load/vec4 v0x103304680_0;
    %pushi/vec4 0, 0, 24;
    %load/vec4 v0x103303fa0_0;
    %concat/vec4; draw_concat_vec4
    %xor;
    %store/vec4 v0x103304680_0, 0, 32;
    %pushi/vec4 0, 0, 32;
    %store/vec4 v0x1033041e0_0, 0, 32;
T_0.3 ; Top of for-loop
    %load/vec4 v0x1033041e0_0;
    %cmpi/s 8, 0, 32;
	  %jmp/0xz T_0.4, 5;
    %load/vec4 v0x103304680_0;
    %ix/load 4, 1, 0;
    %flag_set/imm 4, 0;
    %shiftr 4;
    %pushi/vec4 3988292384, 0, 32;
    %load/vec4 v0x103304680_0;
    %parti/s 1, 0, 2;
    %replicate 32;
    %and;
    %xor;
    %store/vec4 v0x103304680_0, 0, 32;
T_0.5 ; for-loop step statement
    %load/vec4 v0x1033041e0_0;
    %addi 1, 0, 32;
    %store/vec4 v0x1033041e0_0, 0, 32;
    %jmp T_0.3;
T_0.4 ; for-loop exit label
T_0.2 ; for-loop step statement
    %load/vec4 v0x103304140_0;
    %addi 1, 0, 32;
    %store/vec4 v0x103304140_0, 0, 32;
    %jmp T_0.0;
T_0.1 ; for-loop exit label
    %load/vec4 v0x103304680_0;
    %ret/vec4 0, 0, 32;  Assign to stepw (store_vec4_to_lval)
    %end;
S_0x103304ee0 .scope task, "expect_crc" "expect_crc" 2 61, 2 61 0, S_0x1032f48e0;
 .timescale -9 -12;
v0xc9c8605a0_0 .var "want", 31 0;
E_0xc9c850400 .event negedge, v0xc9c8600a0_0;
TD_tb_crc.expect_crc ;
    %wait E_0xc9c850400;
    %pushi/vec4 0, 0, 1;
    %store/vec4 v0xc9c860fa0_0, 0, 1;
    %load/vec4 v0xc9c860780_0;
    %addi 1, 0, 32;
    %store/vec4 v0xc9c860780_0, 0, 32;
    %load/vec4 v0xc9c860960_0;
    %load/vec4 v0xc9c8605a0_0;
    %cmp/ne;
    %jmp/0xz  T_1.6, 6;
    %vpi_call 2 66 "$display", "TB_FAIL test=%0s expected_crc=%0d got_crc=%0d", v0xc9c860f00_0, v0xc9c8605a0_0, v0xc9c860960_0 {0 0 0};
    %vpi_call 2 68 "$display", "TB_RESULT: FAIL" {0 0 0};
    %vpi_call 2 69 "$finish" {0 0 0};
T_1.6 ;
    %end;
S_0x103305060 .scope task, "expect_quiet" "expect_quiet" 2 49, 2 49 0, S_0x1032f48e0;
 .timescale -9 -12;
v0xc9c860640_0 .var "why", 127 0;
TD_tb_crc.expect_quiet ;
    %load/vec4 v0xc9c860780_0;
    %addi 1, 0, 32;
    %store/vec4 v0xc9c860780_0, 0, 32;
    %load/vec4 v0xc9c861040_0;
    %cmpi/ne 0, 0, 1;
    %jmp/0xz  T_2.8, 6;
    %vpi_call 2 53 "$display", "TB_FAIL test=%0s expected_vout=0 got_vout=%b", v0xc9c860640_0, v0xc9c861040_0 {0 0 0};
    %vpi_call 2 55 "$display", "TB_RESULT: FAIL" {0 0 0};
    %vpi_call 2 56 "$finish" {0 0 0};
T_2.8 ;
    %end;
S_0x1033051e0 .scope task, "start_frame" "start_frame" 2 34, 2 34 0, S_0x1032f48e0;
 .timescale -9 -12;
TD_tb_crc.start_frame ;
    %wait E_0xc9c850400;
    %pushi/vec4 1, 0, 1;
    %store/vec4 v0xc9c860820_0, 0, 1;
    %pushi/vec4 0, 0, 1;
    %store/vec4 v0xc9c860fa0_0, 0, 1;
    %wait E_0xc9c850400;
    %pushi/vec4 0, 0, 1;
    %store/vec4 v0xc9c860820_0, 0, 1;
    %end;
S_0x103305360 .scope task, "word" "word" 2 41, 2 41 0, S_0x1032f48e0;
 .timescale -9 -12;
v0xc9c8606e0_0 .var "d", 127 0;
TD_tb_crc.word ;
    %wait E_0xc9c850400;
    %load/vec4 v0xc9c8606e0_0;
    %store/vec4 v0xc9c860aa0_0, 0, 128;
    %pushi/vec4 1, 0, 1;
    %store/vec4 v0xc9c860fa0_0, 0, 1;
    %end;
    .scope S_0x1032f4a60;
T_5 ;
    %wait E_0xc9c850340;
    %load/vec4 v0xc9c860320_0;
    %nor/r;
    %flag_set/vec4 8;
    %jmp/0xz  T_5.0, 8;
    %pushi/vec4 4294967295, 0, 32;
    %assign/vec4 v0xc9c8603c0_0, 0;
    %pushi/vec4 0, 0, 32;
    %assign/vec4 v0xc9c860140_0, 0;
    %pushi/vec4 0, 0, 1;
    %assign/vec4 v0xc9c860500_0, 0;
    %jmp T_5.1;
T_5.0 ;
    %load/vec4 v0xc9c860000_0;
    %flag_set/vec4 8;
    %jmp/0xz  T_5.2, 8;
    %pushi/vec4 4294967295, 0, 32;
    %assign/vec4 v0xc9c8603c0_0, 0;
    %pushi/vec4 0, 0, 1;
    %assign/vec4 v0xc9c860500_0, 0;
    %jmp T_5.3;
T_5.2 ;
    %load/vec4 v0xc9c860460_0;
    %flag_set/vec4 8;
    %jmp/0xz  T_5.4, 8;
    %load/vec4 v0xc9c8603c0_0;
    %load/vec4 v0xc9c8601e0_0;
    %store/vec4 v0x1032fe730_0, 0, 128;
    %store/vec4 v0x1032fe690_0, 0, 32;
    %callf/vec4 TD_tb_crc.dut.stepw, S_0x1032fe510;
    %store/vec4 v0xc9c860280_0, 0, 32;
    %load/vec4 v0xc9c860280_0;
    %assign/vec4 v0xc9c8603c0_0, 0;
    %load/vec4 v0xc9c860280_0;
    %pushi/vec4 4294967295, 0, 32;
    %xor;
    %assign/vec4 v0xc9c860140_0, 0;
    %pushi/vec4 1, 0, 1;
    %assign/vec4 v0xc9c860500_0, 0;
    %jmp T_5.5;
T_5.4 ;
    %pushi/vec4 0, 0, 1;
    %assign/vec4 v0xc9c860500_0, 0;
T_5.5 ;
T_5.3 ;
T_5.1 ;
    %jmp T_5;
    .thread T_5;
    .scope S_0x1032f48e0;
T_6 ;
    %pushi/vec4 0, 0, 1;
    %store/vec4 v0xc9c8608c0_0, 0, 1;
    %pushi/vec4 0, 0, 1;
    %store/vec4 v0xc9c860e60_0, 0, 1;
    %pushi/vec4 0, 0, 1;
    %store/vec4 v0xc9c860820_0, 0, 1;
    %pushi/vec4 0, 0, 1;
    %store/vec4 v0xc9c860fa0_0, 0, 1;
    %pushi/vec4 0, 0, 128;
    %store/vec4 v0xc9c860aa0_0, 0, 128;
    %pushi/vec4 0, 0, 32;
    %store/vec4 v0xc9c860780_0, 0, 32;
    %pushi/vec4 0, 0, 32;
    %store/vec4 v0xc9c860a00_0, 0, 32;
    %pushi/vec4 0, 0, 32;
    %store/vec4 v0xc9c860b40_0, 0, 32;
    %pushi/vec4 0, 0, 32;
    %store/vec4 v0xc9c860be0_0, 0, 32;
    %pushi/vec4 0, 0, 32;
    %store/vec4 v0xc9c860d20_0, 0, 32;
    %pushi/vec4 0, 0, 32;
    %store/vec4 v0xc9c8610e0_0, 0, 32;
    %pushi/vec4 0, 0, 1;
    %store/vec4 v0xc9c860dc0_0, 0, 1;
    %end;
    .thread T_6;
    .scope S_0x1032f48e0;
T_7 ;
    %delay 5000, 0;
    %load/vec4 v0xc9c8608c0_0;
    %inv;
    %store/vec4 v0xc9c8608c0_0, 0, 1;
    %jmp T_7;
    .thread T_7;
    .scope S_0x1032f48e0;
T_8 ;
    %wait E_0xc9c850340;
    %load/vec4 v0xc9c860a00_0;
    %addi 1, 0, 32;
    %store/vec4 v0xc9c860a00_0, 0, 32;
    %load/vec4 v0xc9c860dc0_0;
    %flag_set/vec4 9;
    %flag_get/vec4 9;
    %jmp/0 T_8.2, 9;
    %load/vec4 v0xc9c861040_0;
    %and;
T_8.2;
    %flag_set/vec4 8;
    %jmp/0xz  T_8.0, 8;
    %load/vec4 v0xc9c8610e0_0;
    %cmpi/e 0, 0, 32;
    %jmp/0xz  T_8.3, 4;
    %load/vec4 v0xc9c860a00_0;
    %store/vec4 v0xc9c860be0_0, 0, 32;
T_8.3 ;
    %load/vec4 v0xc9c860a00_0;
    %store/vec4 v0xc9c860d20_0, 0, 32;
    %load/vec4 v0xc9c8610e0_0;
    %addi 1, 0, 32;
    %store/vec4 v0xc9c8610e0_0, 0, 32;
T_8.0 ;
    %jmp T_8;
    .thread T_8;
    .scope S_0x1032f48e0;
T_9 ;
    %pushi/vec4 3, 0, 32;
T_9.0 %dup/vec4;
    %cmpi/s 0, 0, 32;
    %jmp/1xz T_9.1, 5;
    %jmp/1 T_9.1, 4;
    %subi 1, 0, 32;
    %wait E_0xc9c850400;
    %jmp T_9.0;
T_9.1 ;
    %pop/vec4 1;
    %pushi/vec4 1, 0, 1;
    %store/vec4 v0xc9c860e60_0, 0, 1;
    %wait E_0xc9c850400;
    %pushi/vec4 0, 0, 32; draw_string_vec4
    %pushi/vec4 0, 0, 32; draw_string_vec4
    %concat/vec4; draw_string_vec4
    %pushi/vec4 0, 0, 32; draw_string_vec4
    %concat/vec4; draw_string_vec4
    %pushi/vec4 0, 0, 32; draw_string_vec4
    %concat/vec4; draw_string_vec4
    %pushi/vec4 0, 0, 32; draw_string_vec4
    %concat/vec4; draw_string_vec4
    %pushi/vec4 29285, 0, 32; draw_string_vec4
    %concat/vec4; draw_string_vec4
    %pushi/vec4 1936028767, 0, 32; draw_string_vec4
    %concat/vec4; draw_string_vec4
    %pushi/vec4 1768843636, 0, 32; draw_string_vec4
    %concat/vec4; draw_string_vec4
    %store/vec4 v0xc9c860f00_0, 0, 256;
    %load/vec4 v0xc9c860f00_0;
    %pad/u 128;
    %store/vec4 v0xc9c860640_0, 0, 128;
    %fork TD_tb_crc.expect_quiet, S_0x103305060;
    %join;
    %pushi/vec4 0, 0, 128;
    %store/vec4 v0xc9c8606e0_0, 0, 128;
    %fork TD_tb_crc.word, S_0x103305360;
    %join;
    %pushi/vec4 3971697493, 0, 32;
    %store/vec4 v0xc9c8605a0_0, 0, 32;
    %fork TD_tb_crc.expect_crc, S_0x103304ee0;
    %join;
    %pushi/vec4 0, 0, 32; draw_string_vec4
    %pushi/vec4 0, 0, 32; draw_string_vec4
    %concat/vec4; draw_string_vec4
    %pushi/vec4 0, 0, 32; draw_string_vec4
    %concat/vec4; draw_string_vec4
    %pushi/vec4 0, 0, 32; draw_string_vec4
    %concat/vec4; draw_string_vec4
    %pushi/vec4 6644839, 0, 32; draw_string_vec4
    %concat/vec4; draw_string_vec4
    %pushi/vec4 1700750441, 0, 32; draw_string_vec4
    %concat/vec4; draw_string_vec4
    %pushi/vec4 1935894896, 0, 32; draw_string_vec4
    %concat/vec4; draw_string_vec4
    %pushi/vec4 1818848869, 0, 32; draw_string_vec4
    %concat/vec4; draw_string_vec4
    %store/vec4 v0xc9c860f00_0, 0, 256;
    %fork TD_tb_crc.start_frame, S_0x1033051e0;
    %join;
    %wait E_0xc9c850400;
    %pushi/vec4 0, 0, 128;
    %store/vec4 v0xc9c860aa0_0, 0, 128;
    %pushi/vec4 1, 0, 1;
    %store/vec4 v0xc9c860fa0_0, 0, 1;
    %delay 1000, 0;
    %load/vec4 v0xc9c860f00_0;
    %pad/u 128;
    %store/vec4 v0xc9c860640_0, 0, 128;
    %fork TD_tb_crc.expect_quiet, S_0x103305060;
    %join;
    %wait E_0xc9c850340;
    %delay 1000, 0;
    %load/vec4 v0xc9c860780_0;
    %addi 1, 0, 32;
    %store/vec4 v0xc9c860780_0, 0, 32;
    %load/vec4 v0xc9c860960_0;
    %cmpi/ne 3971697493, 0, 32;
    %jmp/1 T_9.4, 6;
    %flag_mov 8, 6;
    %load/vec4 v0xc9c861040_0;
    %cmpi/ne 1, 0, 1;
    %flag_or 6, 8;
T_9.4;
    %jmp/0xz  T_9.2, 6;
    %vpi_call 2 92 "$display", "TB_FAIL test=%0s expected_crc=%0d got_crc=%0d expected_vout=1 got_vout=%b", v0xc9c860f00_0, 32'b11101100101110110100101101010101, v0xc9c860960_0, v0xc9c861040_0 {0 0 0};
    %vpi_call 2 94 "$display", "TB_RESULT: FAIL" {0 0 0};
    %vpi_call 2 95 "$finish" {0 0 0};
T_9.2 ;
    %wait E_0xc9c850400;
    %pushi/vec4 0, 0, 1;
    %store/vec4 v0xc9c860fa0_0, 0, 1;
    %pushi/vec4 0, 0, 32; draw_string_vec4
    %pushi/vec4 0, 0, 32; draw_string_vec4
    %concat/vec4; draw_string_vec4
    %pushi/vec4 0, 0, 32; draw_string_vec4
    %concat/vec4; draw_string_vec4
    %pushi/vec4 0, 0, 32; draw_string_vec4
    %concat/vec4; draw_string_vec4
    %pushi/vec4 0, 0, 32; draw_string_vec4
    %concat/vec4; draw_string_vec4
    %pushi/vec4 122, 0, 32; draw_string_vec4
    %concat/vec4; draw_string_vec4
    %pushi/vec4 1701998431, 0, 32; draw_string_vec4
    %concat/vec4; draw_string_vec4
    %pushi/vec4 2003792484, 0, 32; draw_string_vec4
    %concat/vec4; draw_string_vec4
    %store/vec4 v0xc9c860f00_0, 0, 256;
    %fork TD_tb_crc.start_frame, S_0x1033051e0;
    %join;
    %pushi/vec4 0, 0, 128;
    %store/vec4 v0xc9c8606e0_0, 0, 128;
    %fork TD_tb_crc.word, S_0x103305360;
    %join;
    %pushi/vec4 3971697493, 0, 32;
    %store/vec4 v0xc9c8605a0_0, 0, 32;
    %fork TD_tb_crc.expect_crc, S_0x103304ee0;
    %join;
    %pushi/vec4 0, 0, 32; draw_string_vec4
    %pushi/vec4 0, 0, 32; draw_string_vec4
    %concat/vec4; draw_string_vec4
    %pushi/vec4 0, 0, 32; draw_string_vec4
    %concat/vec4; draw_string_vec4
    %pushi/vec4 0, 0, 32; draw_string_vec4
    %concat/vec4; draw_string_vec4
    %pushi/vec4 0, 0, 32; draw_string_vec4
    %concat/vec4; draw_string_vec4
    %pushi/vec4 24947, 0, 32; draw_string_vec4
    %concat/vec4; draw_string_vec4
    %pushi/vec4 1667852639, 0, 32; draw_string_vec4
    %concat/vec4; draw_string_vec4
    %pushi/vec4 2003792484, 0, 32; draw_string_vec4
    %concat/vec4; draw_string_vec4
    %store/vec4 v0xc9c860f00_0, 0, 256;
    %fork TD_tb_crc.start_frame, S_0x1033051e0;
    %join;
    %pushi/vec4 3469527752, 0, 33;
    %concati/vec4 3334783602, 0, 32;
    %concati/vec4 3772569812, 0, 33;
    %concati/vec4 875770417, 0, 30;
    %store/vec4 v0xc9c8606e0_0, 0, 128;
    %fork TD_tb_crc.word, S_0x103305360;
    %join;
    %pushi/vec4 2731192319, 0, 32;
    %store/vec4 v0xc9c8605a0_0, 0, 32;
    %fork TD_tb_crc.expect_crc, S_0x103304ee0;
    %join;
    %pushi/vec4 0, 0, 32; draw_string_vec4
    %pushi/vec4 0, 0, 32; draw_string_vec4
    %concat/vec4; draw_string_vec4
    %pushi/vec4 0, 0, 32; draw_string_vec4
    %concat/vec4; draw_string_vec4
    %pushi/vec4 0, 0, 32; draw_string_vec4
    %concat/vec4; draw_string_vec4
    %pushi/vec4 0, 0, 32; draw_string_vec4
    %concat/vec4; draw_string_vec4
    %pushi/vec4 116, 0, 32; draw_string_vec4
    %concat/vec4; draw_string_vec4
    %pushi/vec4 2003787639, 0, 32; draw_string_vec4
    %concat/vec4; draw_string_vec4
    %pushi/vec4 1869767795, 0, 32; draw_string_vec4
    %concat/vec4; draw_string_vec4
    %store/vec4 v0xc9c860f00_0, 0, 256;
    %fork TD_tb_crc.start_frame, S_0x1033051e0;
    %join;
    %pushi/vec4 3390762718, 0, 33;
    %concati/vec4 3158066016, 0, 33;
    %concati/vec4 2966494665, 0, 32;
    %concati/vec4 1032588345, 0, 30;
    %store/vec4 v0xc9c8606e0_0, 0, 128;
    %fork TD_tb_crc.word, S_0x103305360;
    %join;
    %pushi/vec4 3339238610, 0, 34;
    %concati/vec4 2981707322, 0, 32;
    %concati/vec4 3143713806, 0, 32;
    %concati/vec4 249917654, 0, 30;
    %store/vec4 v0xc9c8606e0_0, 0, 128;
    %fork TD_tb_crc.word, S_0x103305360;
    %join;
    %pushi/vec4 2199277919, 0, 32;
    %store/vec4 v0xc9c8605a0_0, 0, 32;
    %fork TD_tb_crc.expect_crc, S_0x103304ee0;
    %join;
    %pushi/vec4 0, 0, 32; draw_string_vec4
    %pushi/vec4 0, 0, 32; draw_string_vec4
    %concat/vec4; draw_string_vec4
    %pushi/vec4 0, 0, 32; draw_string_vec4
    %concat/vec4; draw_string_vec4
    %pushi/vec4 0, 0, 32; draw_string_vec4
    %concat/vec4; draw_string_vec4
    %pushi/vec4 0, 0, 32; draw_string_vec4
    %concat/vec4; draw_string_vec4
    %pushi/vec4 6646119, 0, 32; draw_string_vec4
    %concat/vec4; draw_string_vec4
    %pushi/vec4 1752457079, 0, 32; draw_string_vec4
    %concat/vec4; draw_string_vec4
    %pushi/vec4 1869767795, 0, 32; draw_string_vec4
    %concat/vec4; draw_string_vec4
    %store/vec4 v0xc9c860f00_0, 0, 256;
    %fork TD_tb_crc.start_frame, S_0x1033051e0;
    %join;
    %pushi/vec4 2723270748, 0, 34;
    %concati/vec4 2374690392, 0, 32;
    %concati/vec4 2735013804, 0, 32;
    %concati/vec4 377991351, 0, 30;
    %store/vec4 v0xc9c8606e0_0, 0, 128;
    %fork TD_tb_crc.word, S_0x103305360;
    %join;
    %pushi/vec4 3964894551, 0, 32;
    %concati/vec4 2451680982, 0, 34;
    %concati/vec4 4115590050, 0, 32;
    %concati/vec4 247608183, 0, 30;
    %store/vec4 v0xc9c8606e0_0, 0, 128;
    %fork TD_tb_crc.word, S_0x103305360;
    %join;
    %pushi/vec4 3405737121, 0, 32;
    %concati/vec4 3628274587, 0, 33;
    %concati/vec4 2218906738, 0, 33;
    %concati/vec4 644909762, 0, 30;
    %store/vec4 v0xc9c8606e0_0, 0, 128;
    %fork TD_tb_crc.word, S_0x103305360;
    %join;
    %pushi/vec4 2624598109, 0, 33;
    %concati/vec4 4169982323, 0, 32;
    %concati/vec4 2578910460, 0, 32;
    %concati/vec4 1200048618, 0, 31;
    %store/vec4 v0xc9c8606e0_0, 0, 128;
    %fork TD_tb_crc.word, S_0x103305360;
    %join;
    %pushi/vec4 3897613974, 0, 32;
    %concati/vec4 3870957800, 0, 34;
    %concati/vec4 2954754168, 0, 35;
    %concati/vec4 86038609, 0, 27;
    %store/vec4 v0xc9c8606e0_0, 0, 128;
    %fork TD_tb_crc.word, S_0x103305360;
    %join;
    %pushi/vec4 2646161673, 0, 32;
    %concati/vec4 4205117522, 0, 32;
    %concati/vec4 3209586072, 0, 32;
    %concati/vec4 911967745, 0, 32;
    %store/vec4 v0xc9c8606e0_0, 0, 128;
    %fork TD_tb_crc.word, S_0x103305360;
    %join;
    %pushi/vec4 2674289880, 0, 32;
    %concati/vec4 2270491457, 0, 32;
    %concati/vec4 2152198230, 0, 33;
    %concati/vec4 679157114, 0, 31;
    %store/vec4 v0xc9c8606e0_0, 0, 128;
    %fork TD_tb_crc.word, S_0x103305360;
    %join;
    %pushi/vec4 3929819142, 0, 33;
    %concati/vec4 3773437274, 0, 32;
    %concati/vec4 2177759479, 0, 33;
    %concati/vec4 669040588, 0, 30;
    %store/vec4 v0xc9c8606e0_0, 0, 128;
    %fork TD_tb_crc.word, S_0x103305360;
    %join;
    %pushi/vec4 3460982073, 0, 32;
    %store/vec4 v0xc9c8605a0_0, 0, 32;
    %fork TD_tb_crc.expect_crc, S_0x103304ee0;
    %join;
    %pushi/vec4 0, 0, 32; draw_string_vec4
    %pushi/vec4 0, 0, 32; draw_string_vec4
    %concat/vec4; draw_string_vec4
    %pushi/vec4 0, 0, 32; draw_string_vec4
    %concat/vec4; draw_string_vec4
    %pushi/vec4 0, 0, 32; draw_string_vec4
    %concat/vec4; draw_string_vec4
    %pushi/vec4 0, 0, 32; draw_string_vec4
    %concat/vec4; draw_string_vec4
    %pushi/vec4 1668048225, 0, 32; draw_string_vec4
    %concat/vec4; draw_string_vec4
    %pushi/vec4 1918857829, 0, 32; draw_string_vec4
    %concat/vec4; draw_string_vec4
    %pushi/vec4 1768843636, 0, 32; draw_string_vec4
    %concat/vec4; draw_string_vec4
    %store/vec4 v0xc9c860f00_0, 0, 256;
    %fork TD_tb_crc.start_frame, S_0x1033051e0;
    %join;
    %pushi/vec4 0, 0, 128;
    %store/vec4 v0xc9c8606e0_0, 0, 128;
    %fork TD_tb_crc.word, S_0x103305360;
    %join;
    %pushi/vec4 3971697493, 0, 32;
    %store/vec4 v0xc9c8605a0_0, 0, 32;
    %fork TD_tb_crc.expect_crc, S_0x103304ee0;
    %join;
    %pushi/vec4 0, 0, 32; draw_string_vec4
    %pushi/vec4 0, 0, 32; draw_string_vec4
    %concat/vec4; draw_string_vec4
    %pushi/vec4 0, 0, 32; draw_string_vec4
    %concat/vec4; draw_string_vec4
    %pushi/vec4 0, 0, 32; draw_string_vec4
    %concat/vec4; draw_string_vec4
    %pushi/vec4 1953002095, 0, 32; draw_string_vec4
    %concat/vec4; draw_string_vec4
    %pushi/vec4 1969711216, 0, 32; draw_string_vec4
    %concat/vec4; draw_string_vec4
    %pushi/vec4 1970560866, 0, 32; draw_string_vec4
    %concat/vec4; draw_string_vec4
    %pushi/vec4 1970434932, 0, 32; draw_string_vec4
    %concat/vec4; draw_string_vec4
    %store/vec4 v0xc9c860f00_0, 0, 256;
    %fork TD_tb_crc.start_frame, S_0x1033051e0;
    %join;
    %pushi/vec4 1, 0, 1;
    %store/vec4 v0xc9c860dc0_0, 0, 1;
    %pushi/vec4 0, 0, 32;
    %store/vec4 v0xc9c8610e0_0, 0, 32;
    %load/vec4 v0xc9c860a00_0;
    %store/vec4 v0xc9c860b40_0, 0, 32;
    %pushi/vec4 0, 0, 32;
    %store/vec4 v0xc9c860c80_0, 0, 32;
T_9.5 ; Top of for-loop
    %load/vec4 v0xc9c860c80_0;
    %cmpi/s 256, 0, 32;
	  %jmp/0xz T_9.6, 5;
    %load/vec4 v0xc9c860c80_0;
    %pad/s 128;
    %store/vec4 v0xc9c8606e0_0, 0, 128;
    %fork TD_tb_crc.word, S_0x103305360;
    %join;
T_9.7 ; for-loop step statement
    %load/vec4 v0xc9c860c80_0;
    %addi 1, 0, 32;
    %store/vec4 v0xc9c860c80_0, 0, 32;
    %jmp T_9.5;
T_9.6 ; for-loop exit label
    %wait E_0xc9c850400;
    %pushi/vec4 0, 0, 1;
    %store/vec4 v0xc9c860fa0_0, 0, 1;
    %pushi/vec4 4, 0, 32;
T_9.8 %dup/vec4;
    %cmpi/s 0, 0, 32;
    %jmp/1xz T_9.9, 5;
    %jmp/1 T_9.9, 4;
    %subi 1, 0, 32;
    %wait E_0xc9c850400;
    %jmp T_9.8;
T_9.9 ;
    %pop/vec4 1;
    %pushi/vec4 0, 0, 1;
    %store/vec4 v0xc9c860dc0_0, 0, 1;
    %load/vec4 v0xc9c8610e0_0;
    %muli 16, 0, 32;
    %load/vec4 v0xc9c860d20_0;
    %load/vec4 v0xc9c860be0_0;
    %sub;
    %addi 1, 0, 32;
    %load/vec4 v0xc9c860be0_0;
    %load/vec4 v0xc9c860b40_0;
    %sub;
    %vpi_call 2 143 "$display", "TB_PROFILE bytes=%0d span_cycles=%0d latency_cycles=%0d", S<2,vec4,s32>, S<1,vec4,s32>, S<0,vec4,s32> {3 0 0};
    %vpi_call 2 147 "$display", "TB_PASS checks=%0d", v0xc9c860780_0 {0 0 0};
    %vpi_call 2 148 "$display", "TB_RESULT: PASS" {0 0 0};
    %vpi_call 2 149 "$finish" {0 0 0};
    %end;
    .thread T_9;
# The file index is used to find the file name in the following table.
:file_names 4;
    "N/A";
    "<interactive>";
    "/Users/ssuleman/Desktop/ML4PD Projects/capstone-prototypes/agentic-fpga-scaleout/tb_crc.v";
    "/Users/ssuleman/Desktop/ML4PD Projects/capstone-prototypes/agentic-fpga-scaleout/build_f1/crc.v";
